../Drivers/CMSIS/Include/core_cm3.h:1762:34:__NVIC_SystemReset	4	static,ignoring_inline_asm
../Drivers/CMSIS/Include/core_cm3.h:1876:26:ITM_SendChar	16	static,ignoring_inline_asm
../Core/Src/fsm.c:23:5:_write	32	static
../Core/Src/fsm.c:43:6:setInterruptBeginState	24	static
../Core/Src/fsm.c:56:6:setInterruptEndState	24	static
../Core/Src/fsm.c:72:6:setInterruptState	16	static
../Core/Src/fsm.c:102:6:outError	8	static
../Core/Src/fsm.c:109:6:outBlank	8	static
../Core/Src/fsm.c:113:6:outRxMessage	8	static
../Core/Src/fsm.c:117:6:waitShort	8	static
../Core/Src/fsm.c:124:6:waitLongMenu	8	static
../Core/Src/fsm.c:140:9:checkRxStartMessage	32	static
../Core/Src/fsm.c:171:6:handlerError	16	static
../Core/Src/fsm.c:228:6:errorReboot	24	static
../Core/Src/fsm.c:255:9:cheсkRxMessage	32	static
../Core/Src/fsm.c:288:9:compareMessage	32	static
../Core/Src/fsm.c:315:9:compareAdressMessage	16	static
../Core/Src/fsm.c:335:10:ForewerHandlerError	16	static
