../Core/Src/main.c:139:5:main	16	static
../Core/Src/main.c:195:6:SystemClock_Config	88	static
../Core/Src/main.c:239:13:MX_ADC1_Init	32	static
../Core/Src/main.c:286:13:MX_I2C1_Init	8	static
../Core/Src/main.c:320:13:MX_TIM1_Init	40	static
../Core/Src/main.c:366:13:MX_TIM2_Init	40	static
../Core/Src/main.c:411:13:MX_USART1_UART_Init	8	static
../Core/Src/main.c:442:13:MX_DMA_Init	16	static
../Core/Src/main.c:466:13:MX_GPIO_Init	40	static
../Core/Src/main.c:539:6:startFsm	16	static
../Core/Src/main.c:586:6:outTxMessage	24	static
../Core/Src/main.c:656:6:outDisplay	16	static
../Core/Src/main.c:670:6:readPower	16	static
../Core/Src/main.c:693:6:waitLong	16	static
../Core/Src/main.c:708:10:readInterrupt	16	static
../Core/Src/main.c:724:6:waitForever	8	static
../Core/Src/main.c:749:6:waitLongTx	16	static
../Core/Src/main.c:787:10:handlerRxMessage	8	static
../Core/Src/main.c:805:6:HAL_UARTEx_RxEventCallback	24	static
../Core/Src/main.c:829:6:HAL_GPIO_EXTI_Callback	24	static
../Core/Src/main.c:868:6:HAL_ADC_ConvCpltCallback	16	static
../Core/Src/main.c:885:6:HAL_TIM_PeriodElapsedCallback	16	static
../Core/Src/main.c:903:13:togleLed	8	static
../Core/Src/main.c:912:6:Error_Handler	4	static,ignoring_inline_asm
